// Jest Snapshot v1, https://goo.gl/fbAQLP

exports[`should match snapshot 1`] = `
<BrowserRouter>
  <div>
    <Navigation>
      <Link
        exact={true}
        to="/weathers"
      >
        weathers
      </Link>
      <Link
        to="/new-weather"
      >
        New weather
      </Link>
    </Navigation>
    <div
      className="app"
    >
      <Route
        component={[Function]}
        exact={true}
        path="/"
      />
      <Route
        component={[Function]}
        path="/new-weather"
      />
      <Route
        component={[Function]}
        path="/weathers"
      />
    </div>
  </div>
</BrowserRouter>
`;
